python.exe : 1132 INFO: PyInstaller: 6.19.0, contrib hooks: 2026.1
At line:2 char:1
+ & "C:\Python314\python.exe" -m PyInstaller TradeSuite.spec --noconfir ...
+ ~~~~~~~~~~~~~~~~~~~~~~~~~~~~~~~~~~~~~~~~~~~~~~~~~~~~~~~~~~~~~~~~~~~~~
    + CategoryInfo          : NotSpecified: (1132 INFO: PyIn...b hooks: 2026.1:String) [], RemoteException
    + FullyQualifiedErrorId : NativeCommandError
 
1133 INFO: Python: 3.14.3
1211 INFO: Platform: Windows-2022Server-10.0.20348-SP0
1211 INFO: Python environment: C:\Python314
1223 INFO: Module search paths (PYTHONPATH):
['C:\\Users\\Administrator\\Documents\\TradeSuiteApp\\installer',
 'C:\\Python314\\python314.zip',
 'C:\\Python314\\DLLs',
 'C:\\Python314\\Lib',
 'C:\\Python314',
 'C:\\Users\\Administrator\\AppData\\Roaming\\Python\\Python314\\site-packages',
 'C:\\Users\\Administrator\\AppData\\Roaming\\Python\\Python314\\site-packages\\win32',
 'C:\\Users\\Administrator\\AppData\\Roaming\\Python\\Python314\\site-packages\\win32\\lib',
 'C:\\Users\\Administrator\\AppData\\Roaming\\Python\\Python314\\site-packages\\pythonwin',
 'C:\\Python314\\Lib\\site-packages',
 'C:\\Users\\Administrator\\Documents\\TradeSuiteApp']
3155 INFO: checking Analysis
3155 INFO: Building Analysis because Analysis-00.toc is non existent
3155 INFO: Looking for Python shared library...
3155 INFO: Using Python shared library: C:\Python314\python314.dll
3155 INFO: Running Analysis Analysis-00.toc
3155 INFO: Target bytecode optimization level: 0
3155 INFO: Initializing module dependency graph...
3158 INFO: Initializing module graph hook caches...
3456 INFO: Analyzing modules for base_library.zip ...
8939 INFO: Processing standard module hook 'hook-encodings.py' from 
'C:\\Users\\Administrator\\AppData\\Roaming\\Python\\Python314\\site-packages\\PyInstaller\\hooks'
11295 INFO: Processing standard module hook 'hook-pickle.py' from 
'C:\\Users\\Administrator\\AppData\\Roaming\\Python\\Python314\\site-packages\\PyInstaller\\hooks'
12918 INFO: Processing standard module hook 'hook-difflib.py' from 
'C:\\Users\\Administrator\\AppData\\Roaming\\Python\\Python314\\site-packages\\PyInstaller\\hooks'
12977 INFO: Processing standard module hook 'hook-heapq.py' from 
'C:\\Users\\Administrator\\AppData\\Roaming\\Python\\Python314\\site-packages\\PyInstaller\\hooks'
21486 INFO: Caching module dependency graph...
21684 INFO: Analyzing C:\Users\Administrator\Documents\TradeSuiteApp\main.py
21719 INFO: Processing standard module hook 'hook-PySide6.py' from 
'C:\\Users\\Administrator\\AppData\\Roaming\\Python\\Python314\\site-packages\\PyInstaller\\hooks'
22815 INFO: Processing standard module hook 'hook-shiboken6.py' from 
'C:\\Users\\Administrator\\AppData\\Roaming\\Python\\Python314\\site-packages\\PyInstaller\\hooks'
23659 INFO: Processing standard module hook 'hook-PySide6.QtNetwork.py' from 
'C:\\Users\\Administrator\\AppData\\Roaming\\Python\\Python314\\site-packages\\PyInstaller\\hooks'
34367 INFO: Processing standard module hook 'hook-PySide6.QtCore.py' from 
'C:\\Users\\Administrator\\AppData\\Roaming\\Python\\Python314\\site-packages\\PyInstaller\\hooks'
50022 INFO: Processing standard module hook 'hook-PySide6.QtWidgets.py' from 
'C:\\Users\\Administrator\\AppData\\Roaming\\Python\\Python314\\site-packages\\PyInstaller\\hooks'
65947 INFO: Processing standard module hook 'hook-PySide6.QtGui.py' from 
'C:\\Users\\Administrator\\AppData\\Roaming\\Python\\Python314\\site-packages\\PyInstaller\\hooks'
156307 INFO: Processing standard module hook 'hook-numpy.py' from 
'C:\\Users\\Administrator\\AppData\\Roaming\\Python\\Python314\\site-packages\\PyInstaller\\hooks'
159431 INFO: Processing standard module hook 'hook-multiprocessing.util.py' from 
'C:\\Users\\Administrator\\AppData\\Roaming\\Python\\Python314\\site-packages\\PyInstaller\\hooks'
159749 INFO: Processing standard module hook 'hook-xml.py' from 
'C:\\Users\\Administrator\\AppData\\Roaming\\Python\\Python314\\site-packages\\PyInstaller\\hooks'
160506 INFO: Processing standard module hook 'hook-sysconfig.py' from 
'C:\\Users\\Administrator\\AppData\\Roaming\\Python\\Python314\\site-packages\\PyInstaller\\hooks'
160522 INFO: Processing standard module hook 'hook-_ctypes.py' from 
'C:\\Users\\Administrator\\AppData\\Roaming\\Python\\Python314\\site-packages\\PyInstaller\\hooks'
163216 INFO: Processing standard module hook 'hook-platform.py' from 
'C:\\Users\\Administrator\\AppData\\Roaming\\Python\\Python314\\site-packages\\PyInstaller\\hooks'
165419 INFO: Processing standard module hook 'hook-psutil.py' from 
'C:\\Users\\Administrator\\AppData\\Roaming\\Python\\Python314\\site-packages\\_pyinstaller_hooks_contrib\\stdhooks'
168130 INFO: Processing pre-safe-import-module hook 'hook-typing_extensions.py' from 'C:\\Users\\Administrator\\AppData
\\Roaming\\Python\\Python314\\site-packages\\PyInstaller\\hooks\\pre_safe_import_module'
168141 INFO: SetuptoolsInfo: initializing cached setuptools info...
1859 WARNING: Failed to collect submodules for 'setuptools._vendor.packaging.licenses' because importing 
'setuptools._vendor.packaging.licenses' raised: ModuleNotFoundError: No module named 'packaging.licenses'
173094 INFO: Processing standard module hook 'hook-charset_normalizer.py' from 
'C:\\Users\\Administrator\\AppData\\Roaming\\Python\\Python314\\site-packages\\_pyinstaller_hooks_contrib\\stdhooks'
174149 INFO: Processing standard module hook 'hook-pandas.py' from 
'C:\\Users\\Administrator\\AppData\\Roaming\\Python\\Python314\\site-packages\\PyInstaller\\hooks'
182431 INFO: Processing standard module hook 'hook-pytz.py' from 
'C:\\Users\\Administrator\\AppData\\Roaming\\Python\\Python314\\site-packages\\PyInstaller\\hooks'
183844 INFO: Processing standard module hook 'hook-scipy.py' from 
'C:\\Users\\Administrator\\AppData\\Roaming\\Python\\Python314\\site-packages\\PyInstaller\\hooks'
186771 INFO: Processing standard module hook 'hook-pytest.py' from 
'C:\\Users\\Administrator\\AppData\\Roaming\\Python\\Python314\\site-packages\\_pyinstaller_hooks_contrib\\stdhooks'
187762 INFO: Processing standard module hook 'hook-pygments.py' from 
'C:\\Users\\Administrator\\AppData\\Roaming\\Python\\Python314\\site-packages\\PyInstaller\\hooks'
192421 INFO: Processing standard module hook 'hook-py.py' from 
'C:\\Users\\Administrator\\AppData\\Roaming\\Python\\Python314\\site-packages\\_pyinstaller_hooks_contrib\\stdhooks'
193380 INFO: Processing pre-safe-import-module hook 'hook-packaging.py' from 'C:\\Users\\Administrator\\AppData\\Roamin
g\\Python\\Python314\\site-packages\\PyInstaller\\hooks\\pre_safe_import_module'
194183 INFO: Processing pre-safe-import-module hook 'hook-tomli.py' from 'C:\\Users\\Administrator\\AppData\\Roaming\\P
ython\\Python314\\site-packages\\PyInstaller\\hooks\\pre_safe_import_module'
194185 INFO: Setuptools: 'tomli' appears to be a setuptools-vendored copy - creating alias to 
'setuptools._vendor.tomli'!
194209 INFO: Processing standard module hook 'hook-setuptools.py' from 
'C:\\Users\\Administrator\\AppData\\Roaming\\Python\\Python314\\site-packages\\PyInstaller\\hooks'
194273 INFO: Processing pre-safe-import-module hook 'hook-distutils.py' from 'C:\\Users\\Administrator\\AppData\\Roamin
g\\Python\\Python314\\site-packages\\PyInstaller\\hooks\\pre_safe_import_module'
194380 INFO: Processing pre-safe-import-module hook 'hook-jaraco.py' from 'C:\\Users\\Administrator\\AppData\\Roaming\\
Python\\Python314\\site-packages\\PyInstaller\\hooks\\pre_safe_import_module'
194384 INFO: Setuptools: 'jaraco' appears to be a full setuptools-vendored copy - creating alias to 
'setuptools._vendor.jaraco'!
194419 INFO: Processing pre-safe-import-module hook 'hook-more_itertools.py' from 'C:\\Users\\Administrator\\AppData\\R
oaming\\Python\\Python314\\site-packages\\PyInstaller\\hooks\\pre_safe_import_module'
194420 INFO: Setuptools: 'more_itertools' appears to be a setuptools-vendored copy - creating alias to 
'setuptools._vendor.more_itertools'!
195647 INFO: Processing standard module hook 'hook-setuptools._vendor.jaraco.text.py' from 
'C:\\Users\\Administrator\\AppData\\Roaming\\Python\\Python314\\site-packages\\PyInstaller\\hooks'
195654 INFO: Processing pre-safe-import-module hook 'hook-importlib_resources.py' from 'C:\\Users\\Administrator\\AppDa
ta\\Roaming\\Python\\Python314\\site-packages\\PyInstaller\\hooks\\pre_safe_import_module'
195671 INFO: Processing standard module hook 'hook-importlib_resources.py' from 
'C:\\Users\\Administrator\\AppData\\Roaming\\Python\\Python314\\site-packages\\PyInstaller\\hooks'
195864 INFO: Processing pre-safe-import-module hook 'hook-zipp.py' from 'C:\\Users\\Administrator\\AppData\\Roaming\\Py
thon\\Python314\\site-packages\\PyInstaller\\hooks\\pre_safe_import_module'
195979 INFO: Processing pre-safe-import-module hook 'hook-backports.py' from 'C:\\Users\\Administrator\\AppData\\Roamin
g\\Python\\Python314\\site-packages\\PyInstaller\\hooks\\pre_safe_import_module'
195984 INFO: Setuptools: 'backports' appears to be a full setuptools-vendored copy - creating alias to 
'setuptools._vendor.backports'!
196591 INFO: Processing pre-safe-import-module hook 'hook-importlib_metadata.py' from 'C:\\Users\\Administrator\\AppDat
a\\Roaming\\Python\\Python314\\site-packages\\PyInstaller\\hooks\\pre_safe_import_module'
196593 INFO: Setuptools: 'importlib_metadata' appears to be a setuptools-vendored copy - creating alias to 
'setuptools._vendor.importlib_metadata'!
196687 INFO: Processing standard module hook 'hook-setuptools._vendor.importlib_metadata.py' from 
'C:\\Users\\Administrator\\AppData\\Roaming\\Python\\Python314\\site-packages\\PyInstaller\\hooks'
199211 INFO: Processing pre-safe-import-module hook 'hook-wheel.py' from 'C:\\Users\\Administrator\\AppData\\Roaming\\P
ython\\Python314\\site-packages\\PyInstaller\\hooks\\pre_safe_import_module'
202824 INFO: Processing standard module hook 'hook-pkg_resources.py' from 
'C:\\Users\\Administrator\\AppData\\Roaming\\Python\\Python314\\site-packages\\PyInstaller\\hooks'
203944 INFO: Processing pre-safe-import-module hook 'hook-platformdirs.py' from 'C:\\Users\\Administrator\\AppData\\Roa
ming\\Python\\Python314\\site-packages\\PyInstaller\\hooks\\pre_safe_import_module'
204003 INFO: Processing standard module hook 'hook-platformdirs.py' from 
'C:\\Users\\Administrator\\AppData\\Roaming\\Python\\Python314\\site-packages\\_pyinstaller_hooks_contrib\\stdhooks'
205407 INFO: Processing standard module hook 'hook-pycparser.py' from 
'C:\\Users\\Administrator\\AppData\\Roaming\\Python\\Python314\\site-packages\\_pyinstaller_hooks_contrib\\stdhooks'
210966 INFO: Processing standard module hook 'hook-scipy.linalg.py' from 
'C:\\Users\\Administrator\\AppData\\Roaming\\Python\\Python314\\site-packages\\PyInstaller\\hooks'
211441 INFO: Processing standard module hook 'hook-scipy.special._ufuncs.py' from 
'C:\\Users\\Administrator\\AppData\\Roaming\\Python\\Python314\\site-packages\\PyInstaller\\hooks'
215371 INFO: Processing standard module hook 'hook-scipy.spatial._ckdtree.py' from 
'C:\\Users\\Administrator\\AppData\\Roaming\\Python\\Python314\\site-packages\\PyInstaller\\hooks'
216967 INFO: Processing standard module hook 'hook-scipy.spatial.transform.rotation.py' from 
'C:\\Users\\Administrator\\AppData\\Roaming\\Python\\Python314\\site-packages\\PyInstaller\\hooks'
219952 INFO: Processing standard module hook 'hook-scipy.stats._stats.py' from 
'C:\\Users\\Administrator\\AppData\\Roaming\\Python\\Python314\\site-packages\\PyInstaller\\hooks'
221731 INFO: Processing standard module hook 'hook-scipy.sparse.csgraph.py' from 
'C:\\Users\\Administrator\\AppData\\Roaming\\Python\\Python314\\site-packages\\PyInstaller\\hooks'
224441 INFO: Processing standard module hook 'hook-scipy.special._ellip_harm_2.py' from 
'C:\\Users\\Administrator\\AppData\\Roaming\\Python\\Python314\\site-packages\\PyInstaller\\hooks'
232989 INFO: Processing standard module hook 'hook-pandas.io.formats.style.py' from 
'C:\\Users\\Administrator\\AppData\\Roaming\\Python\\Python314\\site-packages\\PyInstaller\\hooks'
241706 INFO: Processing standard module hook 'hook-pandas.plotting.py' from 
'C:\\Users\\Administrator\\AppData\\Roaming\\Python\\Python314\\site-packages\\PyInstaller\\hooks'
243390 INFO: Processing standard module hook 'hook-openpyxl.py' from 
'C:\\Users\\Administrator\\AppData\\Roaming\\Python\\Python314\\site-packages\\_pyinstaller_hooks_contrib\\stdhooks'
243909 INFO: Processing standard module hook 'hook-lxml.py' from 
'C:\\Users\\Administrator\\AppData\\Roaming\\Python\\Python314\\site-packages\\_pyinstaller_hooks_contrib\\stdhooks'
245244 INFO: Processing standard module hook 'hook-lxml.etree.py' from 
'C:\\Users\\Administrator\\AppData\\Roaming\\Python\\Python314\\site-packages\\_pyinstaller_hooks_contrib\\stdhooks'
245702 INFO: Processing standard module hook 'hook-xml.etree.cElementTree.py' from 
'C:\\Users\\Administrator\\AppData\\Roaming\\Python\\Python314\\site-packages\\PyInstaller\\hooks'
246868 INFO: Processing standard module hook 'hook-PIL.py' from 
'C:\\Users\\Administrator\\AppData\\Roaming\\Python\\Python314\\site-packages\\PyInstaller\\hooks'
247236 INFO: Processing standard module hook 'hook-PIL.Image.py' from 
'C:\\Users\\Administrator\\AppData\\Roaming\\Python\\Python314\\site-packages\\PyInstaller\\hooks'
248745 INFO: Processing standard module hook 'hook-PIL.ImageFilter.py' from 
'C:\\Users\\Administrator\\AppData\\Roaming\\Python\\Python314\\site-packages\\PyInstaller\\hooks'
253599 INFO: Processing standard module hook 'hook-sqlite3.py' from 
'C:\\Users\\Administrator\\AppData\\Roaming\\Python\\Python314\\site-packages\\PyInstaller\\hooks'
254609 INFO: Processing standard module hook 'hook-pandas.io.clipboard.py' from 
'C:\\Users\\Administrator\\AppData\\Roaming\\Python\\Python314\\site-packages\\PyInstaller\\hooks'
255611 INFO: Processing standard module hook 'hook-dateutil.py' from 
'C:\\Users\\Administrator\\AppData\\Roaming\\Python\\Python314\\site-packages\\_pyinstaller_hooks_contrib\\stdhooks'
256081 INFO: Processing pre-safe-import-module hook 'hook-six.moves.py' from 'C:\\Users\\Administrator\\AppData\\Roamin
g\\Python\\Python314\\site-packages\\PyInstaller\\hooks\\pre_safe_import_module'
257008 INFO: Processing standard module hook 'hook-cryptography.py' from 
'C:\\Users\\Administrator\\AppData\\Roaming\\Python\\Python314\\site-packages\\_pyinstaller_hooks_contrib\\stdhooks'
264590 INFO: hook-cryptography: cryptography does not seem to be using dynamically linked OpenSSL.
265402 INFO: Processing standard module hook 'hook-bcrypt.py' from 
'C:\\Users\\Administrator\\AppData\\Roaming\\Python\\Python314\\site-packages\\_pyinstaller_hooks_contrib\\stdhooks'
267400 INFO: Processing standard module hook 'hook-urllib3.py' from 
'C:\\Users\\Administrator\\AppData\\Roaming\\Python\\Python314\\site-packages\\_pyinstaller_hooks_contrib\\stdhooks'
270144 INFO: Processing standard module hook 'hook-certifi.py' from 
'C:\\Users\\Administrator\\AppData\\Roaming\\Python\\Python314\\site-packages\\_pyinstaller_hooks_contrib\\stdhooks'
271433 INFO: Processing standard module hook 'hook-fsspec.py' from 
'C:\\Users\\Administrator\\AppData\\Roaming\\Python\\Python314\\site-packages\\_pyinstaller_hooks_contrib\\stdhooks'
274012 INFO: Processing standard module hook 'hook-xml.dom.domreg.py' from 
'C:\\Users\\Administrator\\AppData\\Roaming\\Python\\Python314\\site-packages\\PyInstaller\\hooks'
277854 INFO: Processing module hooks (post-graph stage)...
277870 WARNING: Hidden import "charset_normalizer.md__mypyc" not found!
278808 INFO: Processing standard module hook 'hook-jinja2.py' from 
'C:\\Users\\Administrator\\AppData\\Roaming\\Python\\Python314\\site-packages\\_pyinstaller_hooks_contrib\\stdhooks'
281184 INFO: Processing standard module hook 'hook-lxml.isoschematron.py' from 
'C:\\Users\\Administrator\\AppData\\Roaming\\Python\\Python314\\site-packages\\_pyinstaller_hooks_contrib\\stdhooks'
281529 WARNING: Hidden import "importlib_resources.trees" not found!
282591 INFO: Processing standard module hook 'hook-PIL.SpiderImagePlugin.py' from 
'C:\\Users\\Administrator\\AppData\\Roaming\\Python\\Python314\\site-packages\\PyInstaller\\hooks'
290043 WARNING: Hidden import "scipy.special._cdflib" not found!
290258 INFO: Processing standard module hook 'hook-lxml.objectify.py' from 
'C:\\Users\\Administrator\\AppData\\Roaming\\Python\\Python314\\site-packages\\_pyinstaller_hooks_contrib\\stdhooks'
290326 INFO: Performing binary vs. data reclassification (767 entries)
291619 INFO: Looking for ctypes DLLs
292190 INFO: Analyzing run-time hooks ...
292216 INFO: Including run-time hook 'pyi_rth_inspect.py' from 
'C:\\Users\\Administrator\\AppData\\Roaming\\Python\\Python314\\site-packages\\PyInstaller\\hooks\\rthooks'
292224 INFO: Including run-time hook 'pyi_rth_pkgutil.py' from 
'C:\\Users\\Administrator\\AppData\\Roaming\\Python\\Python314\\site-packages\\PyInstaller\\hooks\\rthooks'
292232 INFO: Including run-time hook 'pyi_rth_multiprocessing.py' from 
'C:\\Users\\Administrator\\AppData\\Roaming\\Python\\Python314\\site-packages\\PyInstaller\\hooks\\rthooks'
292238 INFO: Including run-time hook 'pyi_rth_pyside6.py' from 
'C:\\Users\\Administrator\\AppData\\Roaming\\Python\\Python314\\site-packages\\PyInstaller\\hooks\\rthooks'
292244 INFO: Processing pre-find-module-path hook 'hook-_pyi_rth_utils.py' from 'C:\\Users\\Administrator\\AppData\\Roa
ming\\Python\\Python314\\site-packages\\PyInstaller\\hooks\\pre_find_module_path'
292260 INFO: Processing standard module hook 'hook-_pyi_rth_utils.py' from 
'C:\\Users\\Administrator\\AppData\\Roaming\\Python\\Python314\\site-packages\\PyInstaller\\hooks'
292271 INFO: Including run-time hook 'pyi_rth_setuptools.py' from 
'C:\\Users\\Administrator\\AppData\\Roaming\\Python\\Python314\\site-packages\\PyInstaller\\hooks\\rthooks'
292277 INFO: Including run-time hook 'pyi_rth_pkgres.py' from 
'C:\\Users\\Administrator\\AppData\\Roaming\\Python\\Python314\\site-packages\\PyInstaller\\hooks\\rthooks'
292293 INFO: Including run-time hook 'pyi_rth_cryptography_openssl.py' from 
'C:\\Users\\Administrator\\AppData\\Roaming\\Python\\Python314\\site-packages\\_pyinstaller_hooks_contrib\\rthooks'
292416 INFO: Creating base_library.zip...
292476 INFO: Looking for dynamic libraries
C:\Users\Administrator\AppData\Roaming\Python\Python314\site-packages\PyInstaller\building\build_main.py:227: 
UserWarning: pkg_resources is deprecated as an API. See https://setuptools.pypa.io/en/latest/pkg_resources.html. The 
pkg_resources package is slated for removal as early as 2025-11-30. Refrain from using this package or pin to 
Setuptools<81.
  __import__(package)
Could not find an up-to-date installation of `packaging`. License expressions might not be validated. To enforce 
validation, please install `packaging>=24.2`.
314387 INFO: Extra DLL search directories (AddDllDirectory): 
['C:\\Users\\Administrator\\AppData\\Roaming\\Python\\Python314\\site-packages\\shiboken6', 
'C:\\Users\\Administrator\\AppData\\Roaming\\Python\\Python314\\site-packages\\numpy.libs', 
'C:\\Users\\Administrator\\AppData\\Roaming\\Python\\Python314\\site-packages\\pandas.libs', 
'C:\\Users\\Administrator\\AppData\\Roaming\\Python\\Python314\\site-packages\\pyarrow.libs', 
'C:\\Users\\Administrator\\AppData\\Roaming\\Python\\Python314\\site-packages\\scipy.libs', 
'C:\\Python314\\Lib\\site-packages\\llvmlite.libs']
314388 INFO: Extra DLL search directories (PATH): 
['C:\\Users\\Administrator\\AppData\\Roaming\\Python\\Python314\\site-packages\\PySide6']
325687 INFO: Warnings written to C:\Users\Administrator\Documents\TradeSuiteApp\build\TradeSuite\warn-TradeSuite.txt
326230 INFO: Graph cross-reference written to 
C:\Users\Administrator\Documents\TradeSuiteApp\build\TradeSuite\xref-TradeSuite.html
326445 INFO: checking PYZ
326446 INFO: Building PYZ because PYZ-00.toc is non existent
326446 INFO: Building PYZ (ZlibArchive) C:\Users\Administrator\Documents\TradeSuiteApp\build\TradeSuite\PYZ-00.pyz
329492 INFO: Building PYZ (ZlibArchive) C:\Users\Administrator\Documents\TradeSuiteApp\build\TradeSuite\PYZ-00.pyz 
completed successfully.
329650 INFO: checking PKG
329651 INFO: Building PKG because PKG-00.toc is non existent
329651 INFO: Building PKG (CArchive) TradeSuite.pkg
352851 INFO: Building PKG (CArchive) TradeSuite.pkg completed successfully.
352901 INFO: Bootloader C:\Users\Administrator\AppData\Roaming\Python\Python314\site-packages\PyInstaller\bootloader\Wi
ndows-64bit-intel\run.exe
352901 INFO: checking EXE
352901 INFO: Building EXE because EXE-00.toc is non existent
352901 INFO: Building EXE from EXE-00.toc
Traceback (most recent call last):
  File "<frozen runpy>", line 198, in _run_module_as_main
  File "<frozen runpy>", line 88, in _run_code
  File "C:\Users\Administrator\AppData\Roaming\Python\Python314\site-packages\PyInstaller\__main__.py", line 321, in 
<module>
    run()
    ~~~^^
  File "C:\Users\Administrator\AppData\Roaming\Python\Python314\site-packages\PyInstaller\__main__.py", line 215, in 
run
    run_build(pyi_config, spec_file, **vars(args))
    ~~~~~~~~~^^^^^^^^^^^^^^^^^^^^^^^^^^^^^^^^^^^^^
  File "C:\Users\Administrator\AppData\Roaming\Python\Python314\site-packages\PyInstaller\__main__.py", line 70, in 
run_build
    PyInstaller.building.build_main.main(pyi_config, spec_file, **kwargs)
    ~~~~~~~~~~~~~~~~~~~~~~~~~~~~~~~~~~~~^^^^^^^^^^^^^^^^^^^^^^^^^^^^^^^^^
  File "C:\Users\Administrator\AppData\Roaming\Python\Python314\site-packages\PyInstaller\building\build_main.py", 
line 1275, in main
    build(specfile, distpath, workpath, clean_build)
    ~~~~~^^^^^^^^^^^^^^^^^^^^^^^^^^^^^^^^^^^^^^^^^^^
  File "C:\Users\Administrator\AppData\Roaming\Python\Python314\site-packages\PyInstaller\building\build_main.py", 
line 1213, in build
    exec(code, spec_namespace)
    ~~~~^^^^^^^^^^^^^^^^^^^^^^
  File "TradeSuite.spec", line 70, in <module>
    exe = EXE(
        pyz,
    ...<17 lines>...
        icon=None,  # TODO: add an .ico before shipping
    )
  File "C:\Users\Administrator\AppData\Roaming\Python\Python314\site-packages\PyInstaller\building\api.py", line 675, 
in __init__
    self.__postinit__()
    ~~~~~~~~~~~~~~~~~^^
  File "C:\Users\Administrator\AppData\Roaming\Python\Python314\site-packages\PyInstaller\building\datastruct.py", 
line 184, in __postinit__
    self.assemble()
    ~~~~~~~~~~~~~^^
  File "C:\Users\Administrator\AppData\Roaming\Python\Python314\site-packages\PyInstaller\building\api.py", line 769, 
in assemble
    os.remove(self.name)
    ~~~~~~~~~^^^^^^^^^^^
PermissionError: [WinError 5] Access is denied: 
'C:\\Users\\Administrator\\Documents\\TradeSuiteApp\\dist\\TradeSuite.exe'
