1872 INFO: PyInstaller: 6.19.0, contrib hooks: 2026.1
1873 INFO: Python: 3.14.3
1960 INFO: Platform: Windows-2022Server-10.0.20348-SP0
1960 INFO: Python environment: C:\Python314
1979 INFO: Module search paths (PYTHONPATH):
['C:\\Users\\Administrator\\Documents\\TradeSuiteApp',
 'C:\\Python314\\python314.zip',
 'C:\\Python314\\DLLs',
 'C:\\Python314\\Lib',
 'C:\\Python314',
 'C:\\Users\\Administrator\\AppData\\Roaming\\Python\\Python314\\site-packages',
 'C:\\Users\\Administrator\\AppData\\Roaming\\Python\\Python314\\site-packages\\win32',
 'C:\\Users\\Administrator\\AppData\\Roaming\\Python\\Python314\\site-packages\\win32\\lib',
 'C:\\Users\\Administrator\\AppData\\Roaming\\Python\\Python314\\site-packages\\pythonwin',
 'C:\\Python314\\Lib\\site-packages',
 'C:\\Users\\Administrator\\Documents\\TradeSuiteApp']
6044 INFO: checking Analysis
6045 INFO: Building Analysis because Analysis-00.toc is non existent
6045 INFO: Looking for Python shared library...
6046 INFO: Using Python shared library: C:\Python314\python314.dll
6046 INFO: Running Analysis Analysis-00.toc
6046 INFO: Target bytecode optimization level: 0
6046 INFO: Initializing module dependency graph...
6054 INFO: Initializing module graph hook caches...
6577 INFO: Analyzing modules for base_library.zip ...
13812 INFO: Processing standard module hook 'hook-encodings.py' from 'C:\\Users\\Administrator\\AppData\\Roaming\\Python\\Python314\\site-packages\\PyInstaller\\hooks'
16788 INFO: Processing standard module hook 'hook-pickle.py' from 'C:\\Users\\Administrator\\AppData\\Roaming\\Python\\Python314\\site-packages\\PyInstaller\\hooks'
18475 INFO: Processing standard module hook 'hook-difflib.py' from 'C:\\Users\\Administrator\\AppData\\Roaming\\Python\\Python314\\site-packages\\PyInstaller\\hooks'
18575 INFO: Processing standard module hook 'hook-heapq.py' from 'C:\\Users\\Administrator\\AppData\\Roaming\\Python\\Python314\\site-packages\\PyInstaller\\hooks'
34770 INFO: Caching module dependency graph...
34906 INFO: Analyzing C:\Users\Administrator\Documents\TradeSuiteApp\main.py
34963 INFO: Processing standard module hook 'hook-PySide6.py' from 'C:\\Users\\Administrator\\AppData\\Roaming\\Python\\Python314\\site-packages\\PyInstaller\\hooks'
36276 INFO: Processing standard module hook 'hook-shiboken6.py' from 'C:\\Users\\Administrator\\AppData\\Roaming\\Python\\Python314\\site-packages\\PyInstaller\\hooks'
37238 INFO: Processing standard module hook 'hook-PySide6.QtNetwork.py' from 'C:\\Users\\Administrator\\AppData\\Roaming\\Python\\Python314\\site-packages\\PyInstaller\\hooks'
52374 INFO: Processing standard module hook 'hook-PySide6.QtCore.py' from 'C:\\Users\\Administrator\\AppData\\Roaming\\Python\\Python314\\site-packages\\PyInstaller\\hooks'
70445 INFO: Processing standard module hook 'hook-PySide6.QtWidgets.py' from 'C:\\Users\\Administrator\\AppData\\Roaming\\Python\\Python314\\site-packages\\PyInstaller\\hooks'
88755 INFO: Processing standard module hook 'hook-PySide6.QtGui.py' from 'C:\\Users\\Administrator\\AppData\\Roaming\\Python\\Python314\\site-packages\\PyInstaller\\hooks'
177698 INFO: Processing standard module hook 'hook-pytz.py' from 'C:\\Users\\Administrator\\AppData\\Roaming\\Python\\Python314\\site-packages\\PyInstaller\\hooks'
180335 INFO: Processing standard module hook 'hook-multiprocessing.util.py' from 'C:\\Users\\Administrator\\AppData\\Roaming\\Python\\Python314\\site-packages\\PyInstaller\\hooks'
180773 INFO: Processing standard module hook 'hook-xml.py' from 'C:\\Users\\Administrator\\AppData\\Roaming\\Python\\Python314\\site-packages\\PyInstaller\\hooks'
182468 INFO: Processing standard module hook 'hook-sysconfig.py' from 'C:\\Users\\Administrator\\AppData\\Roaming\\Python\\Python314\\site-packages\\PyInstaller\\hooks'
182487 INFO: Processing standard module hook 'hook-_ctypes.py' from 'C:\\Users\\Administrator\\AppData\\Roaming\\Python\\Python314\\site-packages\\PyInstaller\\hooks'
185440 INFO: Processing standard module hook 'hook-platform.py' from 'C:\\Users\\Administrator\\AppData\\Roaming\\Python\\Python314\\site-packages\\PyInstaller\\hooks'
187692 INFO: Processing standard module hook 'hook-numpy.py' from 'C:\\Users\\Administrator\\AppData\\Roaming\\Python\\Python314\\site-packages\\PyInstaller\\hooks'
193227 INFO: Processing standard module hook 'hook-psutil.py' from 'C:\\Users\\Administrator\\AppData\\Roaming\\Python\\Python314\\site-packages\\_pyinstaller_hooks_contrib\\stdhooks'
197896 INFO: Processing pre-safe-import-module hook 'hook-typing_extensions.py' from 'C:\\Users\\Administrator\\AppData\\Roaming\\Python\\Python314\\site-packages\\PyInstaller\\hooks\\pre_safe_import_module'
197908 INFO: SetuptoolsInfo: initializing cached setuptools info...
2134 WARNING: Failed to collect submodules for 'setuptools._vendor.packaging.licenses' because importing 'setuptools._vendor.packaging.licenses' raised: ModuleNotFoundError: No module named 'packaging.licenses'
204307 INFO: Processing standard module hook 'hook-charset_normalizer.py' from 'C:\\Users\\Administrator\\AppData\\Roaming\\Python\\Python314\\site-packages\\_pyinstaller_hooks_contrib\\stdhooks'
206156 INFO: Processing standard module hook 'hook-pandas.py' from 'C:\\Users\\Administrator\\AppData\\Roaming\\Python\\Python314\\site-packages\\PyInstaller\\hooks'
216782 INFO: Processing standard module hook 'hook-scipy.py' from 'C:\\Users\\Administrator\\AppData\\Roaming\\Python\\Python314\\site-packages\\PyInstaller\\hooks'
220253 INFO: Processing standard module hook 'hook-pytest.py' from 'C:\\Users\\Administrator\\AppData\\Roaming\\Python\\Python314\\site-packages\\_pyinstaller_hooks_contrib\\stdhooks'
222182 INFO: Processing standard module hook 'hook-pygments.py' from 'C:\\Users\\Administrator\\AppData\\Roaming\\Python\\Python314\\site-packages\\PyInstaller\\hooks'
228081 INFO: Processing standard module hook 'hook-py.py' from 'C:\\Users\\Administrator\\AppData\\Roaming\\Python\\Python314\\site-packages\\_pyinstaller_hooks_contrib\\stdhooks'
229297 INFO: Processing pre-safe-import-module hook 'hook-packaging.py' from 'C:\\Users\\Administrator\\AppData\\Roaming\\Python\\Python314\\site-packages\\PyInstaller\\hooks\\pre_safe_import_module'
230517 INFO: Processing pre-safe-import-module hook 'hook-tomli.py' from 'C:\\Users\\Administrator\\AppData\\Roaming\\Python\\Python314\\site-packages\\PyInstaller\\hooks\\pre_safe_import_module'
230521 INFO: Setuptools: 'tomli' appears to be a setuptools-vendored copy - creating alias to 'setuptools._vendor.tomli'!
230565 INFO: Processing standard module hook 'hook-setuptools.py' from 'C:\\Users\\Administrator\\AppData\\Roaming\\Python\\Python314\\site-packages\\PyInstaller\\hooks'
230698 INFO: Processing pre-safe-import-module hook 'hook-distutils.py' from 'C:\\Users\\Administrator\\AppData\\Roaming\\Python\\Python314\\site-packages\\PyInstaller\\hooks\\pre_safe_import_module'
231133 INFO: Processing pre-safe-import-module hook 'hook-jaraco.py' from 'C:\\Users\\Administrator\\AppData\\Roaming\\Python\\Python314\\site-packages\\PyInstaller\\hooks\\pre_safe_import_module'
231139 INFO: Setuptools: 'jaraco' appears to be a full setuptools-vendored copy - creating alias to 'setuptools._vendor.jaraco'!
231209 INFO: Processing pre-safe-import-module hook 'hook-more_itertools.py' from 'C:\\Users\\Administrator\\AppData\\Roaming\\Python\\Python314\\site-packages\\PyInstaller\\hooks\\pre_safe_import_module'
231213 INFO: Setuptools: 'more_itertools' appears to be a setuptools-vendored copy - creating alias to 'setuptools._vendor.more_itertools'!
233496 INFO: Processing standard module hook 'hook-setuptools._vendor.jaraco.text.py' from 'C:\\Users\\Administrator\\AppData\\Roaming\\Python\\Python314\\site-packages\\PyInstaller\\hooks'
233503 INFO: Processing pre-safe-import-module hook 'hook-importlib_resources.py' from 'C:\\Users\\Administrator\\AppData\\Roaming\\Python\\Python314\\site-packages\\PyInstaller\\hooks\\pre_safe_import_module'
233538 INFO: Processing standard module hook 'hook-importlib_resources.py' from 'C:\\Users\\Administrator\\AppData\\Roaming\\Python\\Python314\\site-packages\\PyInstaller\\hooks'
233818 INFO: Processing pre-safe-import-module hook 'hook-zipp.py' from 'C:\\Users\\Administrator\\AppData\\Roaming\\Python\\Python314\\site-packages\\PyInstaller\\hooks\\pre_safe_import_module'
234088 INFO: Processing pre-safe-import-module hook 'hook-backports.py' from 'C:\\Users\\Administrator\\AppData\\Roaming\\Python\\Python314\\site-packages\\PyInstaller\\hooks\\pre_safe_import_module'
234090 INFO: Setuptools: 'backports' appears to be a full setuptools-vendored copy - creating alias to 'setuptools._vendor.backports'!
234991 INFO: Processing pre-safe-import-module hook 'hook-importlib_metadata.py' from 'C:\\Users\\Administrator\\AppData\\Roaming\\Python\\Python314\\site-packages\\PyInstaller\\hooks\\pre_safe_import_module'
234993 INFO: Setuptools: 'importlib_metadata' appears to be a setuptools-vendored copy - creating alias to 'setuptools._vendor.importlib_metadata'!
235115 INFO: Processing standard module hook 'hook-setuptools._vendor.importlib_metadata.py' from 'C:\\Users\\Administrator\\AppData\\Roaming\\Python\\Python314\\site-packages\\PyInstaller\\hooks'
239654 INFO: Processing pre-safe-import-module hook 'hook-wheel.py' from 'C:\\Users\\Administrator\\AppData\\Roaming\\Python\\Python314\\site-packages\\PyInstaller\\hooks\\pre_safe_import_module'
245651 INFO: Processing standard module hook 'hook-pkg_resources.py' from 'C:\\Users\\Administrator\\AppData\\Roaming\\Python\\Python314\\site-packages\\PyInstaller\\hooks'
246756 INFO: Processing pre-safe-import-module hook 'hook-platformdirs.py' from 'C:\\Users\\Administrator\\AppData\\Roaming\\Python\\Python314\\site-packages\\PyInstaller\\hooks\\pre_safe_import_module'
246815 INFO: Processing standard module hook 'hook-platformdirs.py' from 'C:\\Users\\Administrator\\AppData\\Roaming\\Python\\Python314\\site-packages\\_pyinstaller_hooks_contrib\\stdhooks'
249154 INFO: Processing standard module hook 'hook-pycparser.py' from 'C:\\Users\\Administrator\\AppData\\Roaming\\Python\\Python314\\site-packages\\_pyinstaller_hooks_contrib\\stdhooks'
257833 INFO: Processing standard module hook 'hook-scipy.linalg.py' from 'C:\\Users\\Administrator\\AppData\\Roaming\\Python\\Python314\\site-packages\\PyInstaller\\hooks'
258841 INFO: Processing standard module hook 'hook-scipy.special._ufuncs.py' from 'C:\\Users\\Administrator\\AppData\\Roaming\\Python\\Python314\\site-packages\\PyInstaller\\hooks'
265916 INFO: Processing standard module hook 'hook-scipy.spatial._ckdtree.py' from 'C:\\Users\\Administrator\\AppData\\Roaming\\Python\\Python314\\site-packages\\PyInstaller\\hooks'
269199 INFO: Processing standard module hook 'hook-scipy.spatial.transform.rotation.py' from 'C:\\Users\\Administrator\\AppData\\Roaming\\Python\\Python314\\site-packages\\PyInstaller\\hooks'
273222 INFO: Processing standard module hook 'hook-scipy.stats._stats.py' from 'C:\\Users\\Administrator\\AppData\\Roaming\\Python\\Python314\\site-packages\\PyInstaller\\hooks'
275534 INFO: Processing standard module hook 'hook-scipy.sparse.csgraph.py' from 'C:\\Users\\Administrator\\AppData\\Roaming\\Python\\Python314\\site-packages\\PyInstaller\\hooks'
280943 INFO: Processing standard module hook 'hook-scipy.special._ellip_harm_2.py' from 'C:\\Users\\Administrator\\AppData\\Roaming\\Python\\Python314\\site-packages\\PyInstaller\\hooks'
293799 INFO: Processing standard module hook 'hook-pandas.io.formats.style.py' from 'C:\\Users\\Administrator\\AppData\\Roaming\\Python\\Python314\\site-packages\\PyInstaller\\hooks'
304734 INFO: Processing standard module hook 'hook-pandas.plotting.py' from 'C:\\Users\\Administrator\\AppData\\Roaming\\Python\\Python314\\site-packages\\PyInstaller\\hooks'
307526 INFO: Processing standard module hook 'hook-openpyxl.py' from 'C:\\Users\\Administrator\\AppData\\Roaming\\Python\\Python314\\site-packages\\_pyinstaller_hooks_contrib\\stdhooks'
308835 INFO: Processing standard module hook 'hook-lxml.py' from 'C:\\Users\\Administrator\\AppData\\Roaming\\Python\\Python314\\site-packages\\_pyinstaller_hooks_contrib\\stdhooks'
310699 INFO: Processing standard module hook 'hook-lxml.etree.py' from 'C:\\Users\\Administrator\\AppData\\Roaming\\Python\\Python314\\site-packages\\_pyinstaller_hooks_contrib\\stdhooks'
312476 INFO: Processing standard module hook 'hook-xml.etree.cElementTree.py' from 'C:\\Users\\Administrator\\AppData\\Roaming\\Python\\Python314\\site-packages\\PyInstaller\\hooks'
315585 INFO: Processing standard module hook 'hook-PIL.py' from 'C:\\Users\\Administrator\\AppData\\Roaming\\Python\\Python314\\site-packages\\PyInstaller\\hooks'
315945 INFO: Processing standard module hook 'hook-PIL.Image.py' from 'C:\\Users\\Administrator\\AppData\\Roaming\\Python\\Python314\\site-packages\\PyInstaller\\hooks'
318209 INFO: Processing standard module hook 'hook-PIL.ImageFilter.py' from 'C:\\Users\\Administrator\\AppData\\Roaming\\Python\\Python314\\site-packages\\PyInstaller\\hooks'
326429 INFO: Processing standard module hook 'hook-sqlite3.py' from 'C:\\Users\\Administrator\\AppData\\Roaming\\Python\\Python314\\site-packages\\PyInstaller\\hooks'
327815 INFO: Processing standard module hook 'hook-pandas.io.clipboard.py' from 'C:\\Users\\Administrator\\AppData\\Roaming\\Python\\Python314\\site-packages\\PyInstaller\\hooks'
329632 INFO: Processing standard module hook 'hook-dateutil.py' from 'C:\\Users\\Administrator\\AppData\\Roaming\\Python\\Python314\\site-packages\\_pyinstaller_hooks_contrib\\stdhooks'
330432 INFO: Processing pre-safe-import-module hook 'hook-six.moves.py' from 'C:\\Users\\Administrator\\AppData\\Roaming\\Python\\Python314\\site-packages\\PyInstaller\\hooks\\pre_safe_import_module'
332652 INFO: Processing standard module hook 'hook-cryptography.py' from 'C:\\Users\\Administrator\\AppData\\Roaming\\Python\\Python314\\site-packages\\_pyinstaller_hooks_contrib\\stdhooks'
342648 INFO: hook-cryptography: cryptography does not seem to be using dynamically linked OpenSSL.
344485 INFO: Processing standard module hook 'hook-bcrypt.py' from 'C:\\Users\\Administrator\\AppData\\Roaming\\Python\\Python314\\site-packages\\_pyinstaller_hooks_contrib\\stdhooks'
348561 INFO: Processing standard module hook 'hook-urllib3.py' from 'C:\\Users\\Administrator\\AppData\\Roaming\\Python\\Python314\\site-packages\\_pyinstaller_hooks_contrib\\stdhooks'
354852 INFO: Processing standard module hook 'hook-certifi.py' from 'C:\\Users\\Administrator\\AppData\\Roaming\\Python\\Python314\\site-packages\\_pyinstaller_hooks_contrib\\stdhooks'
357298 INFO: Processing standard module hook 'hook-fsspec.py' from 'C:\\Users\\Administrator\\AppData\\Roaming\\Python\\Python314\\site-packages\\_pyinstaller_hooks_contrib\\stdhooks'
361199 INFO: Processing standard module hook 'hook-xml.dom.domreg.py' from 'C:\\Users\\Administrator\\AppData\\Roaming\\Python\\Python314\\site-packages\\PyInstaller\\hooks'
369446 INFO: Processing module hooks (post-graph stage)...
369512 WARNING: Hidden import "charset_normalizer.md__mypyc" not found!
371365 INFO: Processing standard module hook 'hook-jinja2.py' from 'C:\\Users\\Administrator\\AppData\\Roaming\\Python\\Python314\\site-packages\\_pyinstaller_hooks_contrib\\stdhooks'
375332 INFO: Processing standard module hook 'hook-lxml.isoschematron.py' from 'C:\\Users\\Administrator\\AppData\\Roaming\\Python\\Python314\\site-packages\\_pyinstaller_hooks_contrib\\stdhooks'
376117 WARNING: Hidden import "importlib_resources.trees" not found!
378161 INFO: Processing standard module hook 'hook-PIL.SpiderImagePlugin.py' from 'C:\\Users\\Administrator\\AppData\\Roaming\\Python\\Python314\\site-packages\\PyInstaller\\hooks'
398485 WARNING: Hidden import "scipy.special._cdflib" not found!
398810 INFO: Processing standard module hook 'hook-lxml.objectify.py' from 'C:\\Users\\Administrator\\AppData\\Roaming\\Python\\Python314\\site-packages\\_pyinstaller_hooks_contrib\\stdhooks'
398904 INFO: Performing binary vs. data reclassification (767 entries)
407693 INFO: Looking for ctypes DLLs
408312 INFO: Analyzing run-time hooks ...
408345 INFO: Including run-time hook 'pyi_rth_inspect.py' from 'C:\\Users\\Administrator\\AppData\\Roaming\\Python\\Python314\\site-packages\\PyInstaller\\hooks\\rthooks'
408405 INFO: Including run-time hook 'pyi_rth_pkgutil.py' from 'C:\\Users\\Administrator\\AppData\\Roaming\\Python\\Python314\\site-packages\\PyInstaller\\hooks\\rthooks'
408567 INFO: Including run-time hook 'pyi_rth_multiprocessing.py' from 'C:\\Users\\Administrator\\AppData\\Roaming\\Python\\Python314\\site-packages\\PyInstaller\\hooks\\rthooks'
408622 INFO: Including run-time hook 'pyi_rth_pyside6.py' from 'C:\\Users\\Administrator\\AppData\\Roaming\\Python\\Python314\\site-packages\\PyInstaller\\hooks\\rthooks'
408740 INFO: Processing pre-find-module-path hook 'hook-_pyi_rth_utils.py' from 'C:\\Users\\Administrator\\AppData\\Roaming\\Python\\Python314\\site-packages\\PyInstaller\\hooks\\pre_find_module_path'
408810 INFO: Processing standard module hook 'hook-_pyi_rth_utils.py' from 'C:\\Users\\Administrator\\AppData\\Roaming\\Python\\Python314\\site-packages\\PyInstaller\\hooks'
408886 INFO: Including run-time hook 'pyi_rth_setuptools.py' from 'C:\\Users\\Administrator\\AppData\\Roaming\\Python\\Python314\\site-packages\\PyInstaller\\hooks\\rthooks'
408916 INFO: Including run-time hook 'pyi_rth_pkgres.py' from 'C:\\Users\\Administrator\\AppData\\Roaming\\Python\\Python314\\site-packages\\PyInstaller\\hooks\\rthooks'
408971 INFO: Including run-time hook 'pyi_rth_cryptography_openssl.py' from 'C:\\Users\\Administrator\\AppData\\Roaming\\Python\\Python314\\site-packages\\_pyinstaller_hooks_contrib\\rthooks'
409139 INFO: Creating base_library.zip...
409203 INFO: Looking for dynamic libraries
C:\Users\Administrator\AppData\Roaming\Python\Python314\site-packages\PyInstaller\building\build_main.py:227: UserWarning: pkg_resources is deprecated as an API. See https://setuptools.pypa.io/en/latest/pkg_resources.html. The pkg_resources package is slated for removal as early as 2025-11-30. Refrain from using this package or pin to Setuptools<81.
  __import__(package)
Could not find an up-to-date installation of `packaging`. License expressions might not be validated. To enforce validation, please install `packaging>=24.2`.
456634 INFO: Extra DLL search directories (AddDllDirectory): ['C:\\Users\\Administrator\\AppData\\Roaming\\Python\\Python314\\site-packages\\shiboken6', 'C:\\Users\\Administrator\\AppData\\Roaming\\Python\\Python314\\site-packages\\numpy.libs', 'C:\\Users\\Administrator\\AppData\\Roaming\\Python\\Python314\\site-packages\\pandas.libs', 'C:\\Users\\Administrator\\AppData\\Roaming\\Python\\Python314\\site-packages\\pyarrow.libs', 'C:\\Users\\Administrator\\AppData\\Roaming\\Python\\Python314\\site-packages\\scipy.libs', 'C:\\Python314\\Lib\\site-packages\\llvmlite.libs']
456635 INFO: Extra DLL search directories (PATH): ['C:\\Users\\Administrator\\AppData\\Roaming\\Python\\Python314\\site-packages\\PySide6']
471556 INFO: Warnings written to C:\Users\Administrator\Documents\TradeSuiteApp\build\TradeSuite\warn-TradeSuite.txt
472057 INFO: Graph cross-reference written to C:\Users\Administrator\Documents\TradeSuiteApp\build\TradeSuite\xref-TradeSuite.html
472474 INFO: checking PYZ
472475 INFO: Building PYZ because PYZ-00.toc is non existent
472475 INFO: Building PYZ (ZlibArchive) C:\Users\Administrator\Documents\TradeSuiteApp\build\TradeSuite\PYZ-00.pyz
475607 INFO: Building PYZ (ZlibArchive) C:\Users\Administrator\Documents\TradeSuiteApp\build\TradeSuite\PYZ-00.pyz completed successfully.
475869 INFO: checking PKG
475869 INFO: Building PKG because PKG-00.toc is non existent
475870 INFO: Building PKG (CArchive) TradeSuite.pkg
501027 INFO: Building PKG (CArchive) TradeSuite.pkg completed successfully.
501095 INFO: Bootloader C:\Users\Administrator\AppData\Roaming\Python\Python314\site-packages\PyInstaller\bootloader\Windows-64bit-intel\runw.exe
501096 INFO: checking EXE
501096 INFO: Building EXE because EXE-00.toc is non existent
501103 INFO: Building EXE from EXE-00.toc
501105 INFO: Copying bootloader EXE to C:\Users\Administrator\Documents\TradeSuiteApp\dist\TradeSuite.exe
501157 INFO: Copying icon to EXE
501700 INFO: Copying 0 resources to EXE
501700 INFO: Embedding manifest in EXE
501715 INFO: Appending PKG archive to EXE
502143 INFO: Fixing EXE headers
514768 INFO: Building EXE from EXE-00.toc completed successfully.
514810 INFO: Build complete! The results are available in: C:\Users\Administrator\Documents\TradeSuiteApp\dist
